nohup: ignoring input

================================================================================
步骤 [1/6] 加载数据集与模型
说明: 初始化 DataLoader 与加载预训练模型权重
================================================================================
Creating dataloaders...
=> Merged Dataset loaded
Dataset statistics:
  ----------------------------------------
  subset   | # ids | # images | # cameras
  ----------------------------------------
  train    |     0 |        0 |         0
  query    |    44 |    26717 |         1
  gallery  |    44 |     9214 |         1
  ----------------------------------------
Number of RGB-SAR pair: 0
  ----------------------------------------
Dataset statistics:
  Query samples: 26717
  Gallery samples: 9214

Model weights will be loaded from: /ssd_data/lixiang_data/SDF-Net/logs/SDF-Net_Multi/transformer_20.pth
Current Ablation Mode: sum
using Transformer_type: vit_base_patch16_224_TransOSS as a backbone
using stride: [16, 16], and patch number is num_y16 * num_x8
using stride: [16, 16], and patch number is num_y16 * num_x8
using drop_out rate is : 0.0
using attn_drop_out rate is : 0.0
using drop_path rate is : 0.1
Skipping backbone pretraining (Test Mode).
===========building transformer===========
Loading pretrained weights from: /ssd_data/lixiang_data/SDF-Net/logs/SDF-Net_Multi/transformer_20.pth
FeatureExtractor initialized. Device: cuda
  [完成] 步骤 [1/6] 耗时: 3s
  [摘要] Query: 26717, Gallery: 9214
  [总览] 已完成: 1/6 | 总耗时: 3s | 预计剩余: 15s


================================================================================
步骤 [2/6] 提取图像特征向量
说明: 从 35931 张图像提取深度特征 (batch_size=32)
================================================================================
    → Starting feature extraction: 1123 batches, batch_size=32
  特征提取 [----------------------------------------] 1/1123 (0.1%) | 用时: 1s | 剩余: 25m06s | 32 张图像
  特征提取 [----------------------------------------] 10/1123 (0.9%) | 用时: 2s | 剩余: 3m30s | 320 张图像
  特征提取 [----------------------------------------] 19/1123 (1.7%) | 用时: 2s | 剩余: 2m21s | 608 张图像
  特征提取 [----------------------------------------] 28/1123 (2.5%) | 用时: 3s | 剩余: 1m56s | 896 张图像
  特征提取 [#---------------------------------------] 37/1123 (3.3%) | 用时: 4s | 剩余: 1m43s | 1184 张图像
  特征提取 [#---------------------------------------] 46/1123 (4.1%) | 用时: 4s | 剩余: 1m35s | 1472 张图像
  特征提取 [#---------------------------------------] 55/1123 (4.9%) | 用时: 5s | 剩余: 1m30s | 1760 张图像
  特征提取 [##--------------------------------------] 64/1123 (5.7%) | 用时: 5s | 剩余: 1m25s | 2048 张图像
  特征提取 [##--------------------------------------] 73/1123 (6.5%) | 用时: 6s | 剩余: 1m22s | 2336 张图像
  特征提取 [##--------------------------------------] 82/1123 (7.3%) | 用时: 6s | 剩余: 1m19s | 2624 张图像
  特征提取 [###-------------------------------------] 91/1123 (8.1%) | 用时: 7s | 剩余: 1m17s | 2912 张图像
  特征提取 [###-------------------------------------] 100/1123 (8.9%) | 用时: 7s | 剩余: 1m15s | 3200 张图像
  特征提取 [###-------------------------------------] 109/1123 (9.7%) | 用时: 8s | 剩余: 1m14s | 3488 张图像
  特征提取 [####------------------------------------] 118/1123 (10.5%) | 用时: 9s | 剩余: 1m12s | 3776 张图像
  特征提取 [####------------------------------------] 127/1123 (11.3%) | 用时: 9s | 剩余: 1m11s | 4064 张图像
  特征提取 [####------------------------------------] 136/1123 (12.1%) | 用时: 10s | 剩余: 1m09s | 4352 张图像
  特征提取 [#####-----------------------------------] 145/1123 (12.9%) | 用时: 10s | 剩余: 1m08s | 4640 张图像
  特征提取 [#####-----------------------------------] 154/1123 (13.7%) | 用时: 11s | 剩余: 1m07s | 4928 张图像
  特征提取 [#####-----------------------------------] 163/1123 (14.5%) | 用时: 11s | 剩余: 1m06s | 5216 张图像
  特征提取 [######----------------------------------] 172/1123 (15.3%) | 用时: 12s | 剩余: 1m05s | 5504 张图像
  特征提取 [######----------------------------------] 181/1123 (16.1%) | 用时: 12s | 剩余: 1m04s | 5792 张图像
  特征提取 [######----------------------------------] 190/1123 (16.9%) | 用时: 13s | 剩余: 1m03s | 6080 张图像
  特征提取 [#######---------------------------------] 199/1123 (17.7%) | 用时: 14s | 剩余: 1m02s | 6368 张图像
  特征提取 [#######---------------------------------] 208/1123 (18.5%) | 用时: 14s | 剩余: 1m01s | 6656 张图像
  特征提取 [#######---------------------------------] 217/1123 (19.3%) | 用时: 15s | 剩余: 1m01s | 6944 张图像
  特征提取 [########--------------------------------] 226/1123 (20.1%) | 用时: 15s | 剩余: 1m00s | 7232 张图像
  特征提取 [########--------------------------------] 235/1123 (20.9%) | 用时: 16s | 剩余: 59s | 7520 张图像
  特征提取 [########--------------------------------] 244/1123 (21.7%) | 用时: 16s | 剩余: 59s | 7808 张图像
  特征提取 [#########-------------------------------] 253/1123 (22.5%) | 用时: 17s | 剩余: 58s | 8096 张图像
  特征提取 [#########-------------------------------] 262/1123 (23.3%) | 用时: 17s | 剩余: 57s | 8384 张图像
  特征提取 [#########-------------------------------] 271/1123 (24.1%) | 用时: 18s | 剩余: 56s | 8672 张图像
  特征提取 [#########-------------------------------] 280/1123 (24.9%) | 用时: 19s | 剩余: 56s | 8960 张图像
  特征提取 [##########------------------------------] 289/1123 (25.7%) | 用时: 19s | 剩余: 55s | 9248 张图像
  特征提取 [##########------------------------------] 298/1123 (26.5%) | 用时: 20s | 剩余: 54s | 9536 张图像
  特征提取 [##########------------------------------] 307/1123 (27.3%) | 用时: 20s | 剩余: 54s | 9824 张图像
  特征提取 [###########-----------------------------] 316/1123 (28.1%) | 用时: 21s | 剩余: 53s | 10112 张图像
  特征提取 [###########-----------------------------] 325/1123 (28.9%) | 用时: 21s | 剩余: 52s | 10400 张图像
  特征提取 [###########-----------------------------] 334/1123 (29.7%) | 用时: 22s | 剩余: 52s | 10688 张图像
  特征提取 [############----------------------------] 343/1123 (30.5%) | 用时: 22s | 剩余: 51s | 10976 张图像
  特征提取 [############----------------------------] 352/1123 (31.3%) | 用时: 23s | 剩余: 50s | 11264 张图像
  特征提取 [############----------------------------] 361/1123 (32.1%) | 用时: 24s | 剩余: 50s | 11552 张图像
  特征提取 [#############---------------------------] 370/1123 (32.9%) | 用时: 24s | 剩余: 49s | 11840 张图像
  特征提取 [#############---------------------------] 379/1123 (33.7%) | 用时: 25s | 剩余: 48s | 12128 张图像
  特征提取 [#############---------------------------] 388/1123 (34.6%) | 用时: 25s | 剩余: 48s | 12416 张图像
  特征提取 [##############--------------------------] 397/1123 (35.4%) | 用时: 26s | 剩余: 47s | 12704 张图像
  特征提取 [##############--------------------------] 406/1123 (36.2%) | 用时: 26s | 剩余: 47s | 12992 张图像
  特征提取 [##############--------------------------] 415/1123 (37.0%) | 用时: 27s | 剩余: 46s | 13280 张图像
  特征提取 [###############-------------------------] 424/1123 (37.8%) | 用时: 27s | 剩余: 45s | 13568 张图像
  特征提取 [###############-------------------------] 433/1123 (38.6%) | 用时: 28s | 剩余: 45s | 13856 张图像
  特征提取 [###############-------------------------] 442/1123 (39.4%) | 用时: 29s | 剩余: 44s | 14144 张图像
  特征提取 [################------------------------] 451/1123 (40.2%) | 用时: 29s | 剩余: 43s | 14432 张图像
  特征提取 [################------------------------] 460/1123 (41.0%) | 用时: 30s | 剩余: 43s | 14720 张图像
  特征提取 [################------------------------] 469/1123 (41.8%) | 用时: 30s | 剩余: 42s | 15008 张图像
  特征提取 [#################-----------------------] 478/1123 (42.6%) | 用时: 31s | 剩余: 42s | 15296 张图像
  特征提取 [#################-----------------------] 487/1123 (43.4%) | 用时: 31s | 剩余: 41s | 15584 张图像
  特征提取 [#################-----------------------] 496/1123 (44.2%) | 用时: 32s | 剩余: 40s | 15872 张图像
  特征提取 [#################-----------------------] 505/1123 (45.0%) | 用时: 32s | 剩余: 40s | 16160 张图像
  特征提取 [##################----------------------] 514/1123 (45.8%) | 用时: 33s | 剩余: 39s | 16448 张图像
  特征提取 [##################----------------------] 523/1123 (46.6%) | 用时: 34s | 剩余: 39s | 16736 张图像
  特征提取 [##################----------------------] 532/1123 (47.4%) | 用时: 34s | 剩余: 38s | 17024 张图像
  特征提取 [###################---------------------] 541/1123 (48.2%) | 用时: 35s | 剩余: 37s | 17312 张图像
  特征提取 [###################---------------------] 550/1123 (49.0%) | 用时: 35s | 剩余: 37s | 17600 张图像
  特征提取 [###################---------------------] 559/1123 (49.8%) | 用时: 36s | 剩余: 36s | 17888 张图像
  特征提取 [####################--------------------] 568/1123 (50.6%) | 用时: 36s | 剩余: 36s | 18176 张图像
  特征提取 [####################--------------------] 577/1123 (51.4%) | 用时: 37s | 剩余: 35s | 18464 张图像
  特征提取 [####################--------------------] 586/1123 (52.2%) | 用时: 38s | 剩余: 34s | 18752 张图像
  特征提取 [#####################-------------------] 595/1123 (53.0%) | 用时: 38s | 剩余: 34s | 19040 张图像
  特征提取 [#####################-------------------] 604/1123 (53.8%) | 用时: 39s | 剩余: 33s | 19328 张图像
  特征提取 [#####################-------------------] 613/1123 (54.6%) | 用时: 39s | 剩余: 33s | 19616 张图像
  特征提取 [######################------------------] 622/1123 (55.4%) | 用时: 40s | 剩余: 32s | 19904 张图像
  特征提取 [######################------------------] 631/1123 (56.2%) | 用时: 40s | 剩余: 31s | 20192 张图像
  特征提取 [######################------------------] 640/1123 (57.0%) | 用时: 41s | 剩余: 31s | 20480 张图像
  特征提取 [#######################-----------------] 649/1123 (57.8%) | 用时: 41s | 剩余: 30s | 20768 张图像
  特征提取 [#######################-----------------] 658/1123 (58.6%) | 用时: 42s | 剩余: 30s | 21056 张图像
  特征提取 [#######################-----------------] 666/1123 (59.3%) | 用时: 43s | 剩余: 29s | 21312 张图像
  特征提取 [########################----------------] 675/1123 (60.1%) | 用时: 43s | 剩余: 29s | 21600 张图像
  特征提取 [########################----------------] 684/1123 (60.9%) | 用时: 44s | 剩余: 28s | 21888 张图像
  特征提取 [########################----------------] 692/1123 (61.6%) | 用时: 44s | 剩余: 27s | 22144 张图像
  特征提取 [########################----------------] 701/1123 (62.4%) | 用时: 45s | 剩余: 27s | 22432 张图像
  特征提取 [#########################---------------] 710/1123 (63.2%) | 用时: 45s | 剩余: 26s | 22720 张图像
  特征提取 [#########################---------------] 719/1123 (64.0%) | 用时: 46s | 剩余: 26s | 23008 张图像
  特征提取 [#########################---------------] 727/1123 (64.7%) | 用时: 46s | 剩余: 25s | 23264 张图像
  特征提取 [##########################--------------] 735/1123 (65.4%) | 用时: 47s | 剩余: 25s | 23520 张图像
  特征提取 [##########################--------------] 744/1123 (66.3%) | 用时: 47s | 剩余: 24s | 23808 张图像
  特征提取 [##########################--------------] 752/1123 (67.0%) | 用时: 48s | 剩余: 24s | 24064 张图像
  特征提取 [###########################-------------] 760/1123 (67.7%) | 用时: 48s | 剩余: 23s | 24320 张图像
  特征提取 [###########################-------------] 768/1123 (68.4%) | 用时: 49s | 剩余: 23s | 24576 张图像
  特征提取 [###########################-------------] 776/1123 (69.1%) | 用时: 49s | 剩余: 22s | 24832 张图像
  特征提取 [###########################-------------] 784/1123 (69.8%) | 用时: 50s | 剩余: 22s | 25088 张图像
  特征提取 [############################------------] 792/1123 (70.5%) | 用时: 50s | 剩余: 21s | 25344 张图像
  特征提取 [############################------------] 800/1123 (71.2%) | 用时: 51s | 剩余: 21s | 25600 张图像
  特征提取 [############################------------] 808/1123 (72.0%) | 用时: 51s | 剩余: 20s | 25856 张图像
  特征提取 [#############################-----------] 817/1123 (72.8%) | 用时: 52s | 剩余: 19s | 26144 张图像
  特征提取 [#############################-----------] 825/1123 (73.5%) | 用时: 52s | 剩余: 19s | 26400 张图像
  特征提取 [#############################-----------] 833/1123 (74.2%) | 用时: 53s | 剩余: 18s | 26656 张图像
  特征提取 [#############################-----------] 841/1123 (74.9%) | 用时: 53s | 剩余: 18s | 26912 张图像
  特征提取 [##############################----------] 849/1123 (75.6%) | 用时: 54s | 剩余: 17s | 27168 张图像
  特征提取 [##############################----------] 857/1123 (76.3%) | 用时: 54s | 剩余: 17s | 27424 张图像
  特征提取 [##############################----------] 865/1123 (77.0%) | 用时: 55s | 剩余: 16s | 27680 张图像
  特征提取 [###############################---------] 873/1123 (77.7%) | 用时: 55s | 剩余: 16s | 27936 张图像
  特征提取 [###############################---------] 881/1123 (78.5%) | 用时: 56s | 剩余: 15s | 28192 张图像
  特征提取 [###############################---------] 889/1123 (79.2%) | 用时: 56s | 剩余: 15s | 28448 张图像
  特征提取 [###############################---------] 897/1123 (79.9%) | 用时: 57s | 剩余: 14s | 28704 张图像
  特征提取 [################################--------] 905/1123 (80.6%) | 用时: 57s | 剩余: 14s | 28960 张图像
  特征提取 [################################--------] 913/1123 (81.3%) | 用时: 58s | 剩余: 13s | 29216 张图像
  特征提取 [################################--------] 921/1123 (82.0%) | 用时: 58s | 剩余: 13s | 29472 张图像
  特征提取 [#################################-------] 929/1123 (82.7%) | 用时: 59s | 剩余: 12s | 29728 张图像
  特征提取 [#################################-------] 937/1123 (83.4%) | 用时: 59s | 剩余: 12s | 29984 张图像
  特征提取 [#################################-------] 945/1123 (84.1%) | 用时: 60s | 剩余: 11s | 30240 张图像
  特征提取 [#################################-------] 953/1123 (84.9%) | 用时: 1m00s | 剩余: 11s | 30496 张图像
  特征提取 [##################################------] 961/1123 (85.6%) | 用时: 1m00s | 剩余: 10s | 30752 张图像
  特征提取 [##################################------] 969/1123 (86.3%) | 用时: 1m01s | 剩余: 10s | 31008 张图像
  特征提取 [##################################------] 977/1123 (87.0%) | 用时: 1m02s | 剩余: 9s | 31264 张图像
  特征提取 [###################################-----] 985/1123 (87.7%) | 用时: 1m02s | 剩余: 9s | 31520 张图像
  特征提取 [###################################-----] 993/1123 (88.4%) | 用时: 1m03s | 剩余: 8s | 31776 张图像
  特征提取 [###################################-----] 1001/1123 (89.1%) | 用时: 1m03s | 剩余: 8s | 32032 张图像
  特征提取 [###################################-----] 1009/1123 (89.8%) | 用时: 1m04s | 剩余: 7s | 32288 张图像
  特征提取 [####################################----] 1017/1123 (90.6%) | 用时: 1m04s | 剩余: 7s | 32544 张图像
  特征提取 [####################################----] 1025/1123 (91.3%) | 用时: 1m05s | 剩余: 6s | 32800 张图像
  特征提取 [####################################----] 1033/1123 (92.0%) | 用时: 1m05s | 剩余: 6s | 33056 张图像
  特征提取 [#####################################---] 1041/1123 (92.7%) | 用时: 1m06s | 剩余: 5s | 33312 张图像
  特征提取 [#####################################---] 1049/1123 (93.4%) | 用时: 1m06s | 剩余: 5s | 33568 张图像
  特征提取 [#####################################---] 1057/1123 (94.1%) | 用时: 1m07s | 剩余: 4s | 33824 张图像
  特征提取 [#####################################---] 1065/1123 (94.8%) | 用时: 1m07s | 剩余: 4s | 34080 张图像
  特征提取 [######################################--] 1073/1123 (95.5%) | 用时: 1m08s | 剩余: 3s | 34336 张图像
  特征提取 [######################################--] 1081/1123 (96.3%) | 用时: 1m08s | 剩余: 3s | 34592 张图像
  特征提取 [######################################--] 1089/1123 (97.0%) | 用时: 1m09s | 剩余: 2s | 34848 张图像
  特征提取 [#######################################-] 1097/1123 (97.7%) | 用时: 1m09s | 剩余: 2s | 35104 张图像
  特征提取 [#######################################-] 1105/1123 (98.4%) | 用时: 1m10s | 剩余: 1s | 35360 张图像
  特征提取 [#######################################-] 1113/1123 (99.1%) | 用时: 1m10s | 剩余: 1s | 35616 张图像
  特征提取 [#######################################-] 1121/1123 (99.8%) | 用时: 1m11s | 剩余: 0s | 35872 张图像
  特征提取 [########################################] 1123/1123 (100.0%) | 用时: 1m11s | 剩余: 0s | 35936 张图像
    → Concatenating 1123 feature tensors...
    → Feature extraction done in 71.26s, shape: (35931, 768), normalized: True
  特征提取 [########################################] 1123/1123 (100.0%) | 用时: 1m11s | 剩余: 0s | 完成 (71.3s)
  ✓ Feature extraction completed in 71.26s
  ✓ All features shape: (35931, 768)
  ✓ Query features shape: (26717, 768)
  ✓ Gallery features shape: (9214, 768)
  [完成] 步骤 [2/6] 耗时: 1m11s
  [摘要] 特征维度: 768, 耗时: 71.3s
  [总览] 已完成: 2/6 | 总耗时: 1m14s | 预计剩余: 2m28s


================================================================================
步骤 [3/6] 训练跨模态匹配器
说明: 训练 threshold 匹配器 (距离度量: euclidean)
================================================================================
Setting up matcher...
Training matcher...
        → Computing distance matrix for training...
        ✓ Distance matrix shape: (26717, 9214) (192.06s)
        → Training data: 246170438 samples, 9867763 positive (4.01%)
        → Finding optimal threshold...
        ✓ Optimal threshold: 1.3328
  ✓ Training samples: 246170438
  ✓ Positive samples: 9867763
  ✓ Negative samples: 236302675
  ✓ Training time: 438.23s
  [完成] 步骤 [3/6] 耗时: 7m18s
  [摘要] 最优阈值: 1.3328, 耗时: 438.2s
  [总览] 已完成: 3/6 | 总耗时: 8m32s | 预计剩余: 8m32s


================================================================================
步骤 [4/6] 计算距离矩阵
说明: 计算 26717x9214 距离矩阵
================================================================================

================================================================================
步骤 [5/6] 计算评价指标
说明: 计算 mAP/Rank/Accuracy/F1 等评价指标
================================================================================
      → Computing distance matrix (26717 x 9214)...
      ✓ Distance matrix computed in 187.71s
      → Computing basic classification metrics (direct method)...
      ✓ Basic metrics computed in 1.95s
      → Computing ReID metrics (CMC/mAP)...
      → Computing CMC...
      ✓ CMC computed in 2.99s
      → Computing mAP...
      ✓ mAP computed in 3.22s
      → Computing rank metrics...
      ✓ Rank metrics computed in 1.86s
      ✓ ReID metrics computed in 8.07s
      ✓ Evaluation completed in 197.73s
Results saved to: logs/SDF-Net_Test/epoch20
  [完成] 步骤 [4/6] 耗时: 3m18s
  [摘要] 距离矩阵计算完成
  [总览] 已完成: 4/6 | 总耗时: 11m51s | 预计剩余: 5m55s

  [完成] 步骤 [5/6] 耗时: 3m18s
  [摘要] 评价指标计算完成
  [总览] 已完成: 5/6 | 总耗时: 11m51s | 预计剩余: 2m22s


================================================================================
步骤 [6/6] 保存与输出结果
说明: 保存结果到磁盘并打印摘要
================================================================================
======================================================================
CROSS-MODAL MATCHING RESULTS
======================================================================

--- Configuration ---
Distance Metric:    euclidean
Classifier Type:    threshold
Classifier Params:  {'distance_metric': 'euclidean', 'threshold': np.float64(1.3328164996522847)}

--- Basic Classification Metrics ---
Accuracy:           0.4702
Precision:          0.0436
Recall:             0.5838
F1 Score:           0.0812

--- ReID Metrics ---
mAP:                0.0567
Rank-1  :          0.0263
Rank-5  :          0.0488
Rank-10 :          0.0697

======================================================================
  [完成] 步骤 [6/6] 耗时: 0s
  [摘要] 结果已保存到: logs/SDF-Net_Test/epoch20
  [总览] 已完成: 6/6 | 总耗时: 11m51s | 预计剩余: 0s


Testing completed!

================================================================================
运行摘要
================================================================================
总耗时: 11m51s

  步骤 [1/6] 加载数据集与模型: [完成] (3s)
  步骤 [2/6] 提取图像特征向量: [完成] (1m11s)
  步骤 [3/6] 训练跨模态匹配器: [完成] (7m18s)
  步骤 [4/6] 计算距离矩阵: [完成] (3m18s)
  步骤 [5/6] 计算评价指标: [完成] (3m18s)
  步骤 [6/6] 保存与输出结果: [完成] (0s)
================================================================================
